RD noise=0 trial=1/100: TPR=0.35 E2=0.01342 lambda=0.0001 seconds=15.9
RD noise=0 trial=20/100: TPR=0.35 E2=0.01342 lambda=0.0001 seconds=14.2
RD noise=0 trial=40/100: TPR=0.35 E2=0.01342 lambda=0.0001 seconds=14.6
RD noise=0 trial=60/100: TPR=0.35 E2=0.01342 lambda=0.0001 seconds=17.3
RD noise=0 trial=80/100: TPR=0.35 E2=0.01342 lambda=0.0001 seconds=15.2
RD noise=0 trial=100/100: TPR=0.35 E2=0.01342 lambda=0.0001 seconds=16.3
RD noise=0.2 trial=1/100: TPR=0.3226 E2=0.8769 lambda=0.01262 seconds=16.5
RD noise=0.2 trial=20/100: TPR=0.2941 E2=0.9168 lambda=0.01048 seconds=15.4
RD noise=0.2 trial=40/100: TPR=0.2778 E2=0.9064 lambda=0.009545 seconds=15.3
RD noise=0.2 trial=60/100: TPR=0.2778 E2=0.9346 lambda=0.008697 seconds=15.9
RD noise=0.2 trial=80/100: TPR=0.2857 E2=0.9174 lambda=0.009545 seconds=15.8
RD noise=0.2 trial=100/100: TPR=0.303 E2=0.9083 lambda=0.0115 seconds=16.4
RD noise=0.5 trial=1/100: TPR=0.1818 E2=0.9221 lambda=0.009545 seconds=15.8
RD noise=0.5 trial=20/100: TPR=0.1587 E2=0.9204 lambda=0.01048 seconds=15.8
RD noise=0.5 trial=40/100: TPR=0.2041 E2=0.9502 lambda=0.0115 seconds=16.3
RD noise=0.5 trial=60/100: TPR=0.1852 E2=0.8843 lambda=0.01262 seconds=16.5
RD noise=0.5 trial=80/100: TPR=0.1923 E2=0.963 lambda=0.01048 seconds=15.8
RD noise=0.5 trial=100/100: TPR=0.1818 E2=0.939 lambda=0.01048 seconds=20.2
RD noise=0.75 trial=1/100: TPR=0.1607 E2=0.9943 lambda=0.0152 seconds=26.3
RD noise=0.75 trial=20/100: TPR=0.1452 E2=1.05 lambda=0.01262 seconds=27
/opt/homebrew/anaconda3/envs/pde_discovery/lib/python3.11/multiprocessing/resource_tracker.py:254: UserWarning: resource_tracker: There appear to be 5 leaked semaphore objects to clean up at shutdown
  warnings.warn('resource_tracker: There appear to be %d '
RD noise=0.75 trial=40/100: TPR=0.1452 E2=1.074 lambda=0.0115 seconds=21.8
RD noise=0.75 trial=60/100: TPR=0.1429 E2=1.067 lambda=0.01262 seconds=19.1
RD noise=0.75 trial=80/100: TPR=0.1194 E2=1.067 lambda=0.0115 seconds=17.7
RD noise=0.75 trial=100/100: TPR=0.1324 E2=1.075 lambda=0.0115 seconds=16.9
RD noise=1 trial=1/100: TPR=0.07792 E2=0.9928 lambda=0.01262 seconds=17.4
RD noise=1 trial=20/100: TPR=0.07895 E2=1.014 lambda=0.0115 seconds=18.2
RD noise=1 trial=40/100: TPR=0.07692 E2=1.026 lambda=0.01385 seconds=16.4
RD noise=1 trial=60/100: TPR=0.06818 E2=0.9989 lambda=0.008697 seconds=17.9
RD noise=1 trial=80/100: TPR=0.07059 E2=1.022 lambda=0.009545 seconds=15.8
RD noise=1 trial=100/100: TPR=0.07595 E2=1.012 lambda=0.01385 seconds=18.2
NS noise=0 trial=1/100: TPR=0.5714 E2=0.04254 lambda=0.006579 seconds=5.74
NS noise=0 trial=20/100: TPR=0.5714 E2=0.04254 lambda=0.006579 seconds=4.56
NS noise=0 trial=40/100: TPR=0.5714 E2=0.04254 lambda=0.006579 seconds=4.54
NS noise=0 trial=60/100: TPR=0.5714 E2=0.04254 lambda=0.006579 seconds=4.5
NS noise=0 trial=80/100: TPR=0.5714 E2=0.04254 lambda=0.006579 seconds=4.24
NS noise=0 trial=100/100: TPR=0.5714 E2=0.04254 lambda=0.006579 seconds=4.48
NS noise=0.2 trial=1/100: TPR=0.375 E2=0.07329 lambda=0.01048 seconds=4.24
NS noise=0.2 trial=20/100: TPR=0.375 E2=0.07624 lambda=0.0115 seconds=4.26
NS noise=0.2 trial=40/100: TPR=0.5714 E2=0.01468 lambda=0.001024 seconds=4.25
NS noise=0.2 trial=60/100: TPR=0.5 E2=0.01443 lambda=0.0008498 seconds=4.39
NS noise=0.2 trial=80/100: TPR=0.375 E2=0.07481 lambda=0.0115 seconds=4.15
NS noise=0.2 trial=100/100: TPR=0.5 E2=0.02396 lambda=0.002154 seconds=4.19
NS noise=0.5 trial=1/100: TPR=0.4286 E2=0.1404 lambda=0.02009 seconds=5.07
NS noise=0.5 trial=20/100: TPR=0.375 E2=0.1084 lambda=0.01385 seconds=4.12
NS noise=0.5 trial=40/100: TPR=0.3333 E2=0.1158 lambda=0.0115 seconds=4.43
NS noise=0.5 trial=60/100: TPR=0.375 E2=0.121 lambda=0.01831 seconds=4.19
NS noise=0.5 trial=80/100: TPR=0.375 E2=0.1201 lambda=0.0152 seconds=4.2
NS noise=0.5 trial=100/100: TPR=0.4286 E2=0.1371 lambda=0.02009 seconds=4.19
NS noise=0.75 trial=1/100: TPR=0.3333 E2=0.1786 lambda=0.008697 seconds=4.22
NS noise=0.75 trial=20/100: TPR=0.3333 E2=0.1655 lambda=0.007221 seconds=4.19
NS noise=0.75 trial=40/100: TPR=0.3333 E2=0.1967 lambda=0.004132 seconds=4.28
NS noise=0.75 trial=60/100: TPR=0.3333 E2=0.1684 lambda=0.008697 seconds=4.31
NS noise=0.75 trial=80/100: TPR=0.375 E2=0.2117 lambda=0.02205 seconds=4.5
NS noise=0.75 trial=100/100: TPR=0.3333 E2=0.1819 lambda=0.004535 seconds=4.22
NS noise=1 trial=1/100: TPR=0.3333 E2=0.315 lambda=0.005995 seconds=4.49
NS noise=1 trial=20/100: TPR=0.3333 E2=0.3171 lambda=0.0152 seconds=4.72
NS noise=1 trial=40/100: TPR=0.3333 E2=0.299 lambda=0.01385 seconds=5.72
NS noise=1 trial=60/100: TPR=0.3333 E2=0.3052 lambda=0.01262 seconds=4.96
NS noise=1 trial=80/100: TPR=0.3333 E2=0.2989 lambda=0.0152 seconds=7.66
NLS noise=0 trial=1/100: TPR=0.5 E2=0.0006189 lambda=0.0001 seconds=0.312
NS noise=1 trial=100/100: TPR=0.3333 E2=0.2992 lambda=0.01262 seconds=5.75
NLS noise=0 trial=20/100: TPR=0.5 E2=0.0006189 lambda=0.0001 seconds=0.18
NLS noise=0 trial=40/100: TPR=0.5 E2=0.0006189 lambda=0.0001 seconds=0.172
NLS noise=0 trial=60/100: TPR=0.5 E2=0.0006189 lambda=0.0001 seconds=0.176
NLS noise=0 trial=80/100: TPR=0.5 E2=0.0006189 lambda=0.0001 seconds=0.248
NLS noise=0.2 trial=1/100: TPR=0.375 E2=0.06324 lambda=0.009545 seconds=0.275
NLS noise=0 trial=100/100: TPR=0.5 E2=0.0006189 lambda=0.0001 seconds=0.178
NLS noise=0.2 trial=20/100: TPR=0.375 E2=0.0674 lambda=0.01048 seconds=0.23
NLS noise=0.2 trial=40/100: TPR=0.3529 E2=0.05601 lambda=0.006579 seconds=0.197
NLS noise=0.2 trial=60/100: TPR=0.3529 E2=0.05777 lambda=0.007221 seconds=0.189
NLS noise=0.2 trial=80/100: TPR=0.3529 E2=0.05558 lambda=0.007221 seconds=0.204
NLS noise=0.5 trial=1/100: TPR=0.24 E2=0.1675 lambda=0.009545 seconds=0.207
NLS noise=0.2 trial=100/100: TPR=0.3529 E2=0.06231 lambda=0.007925 seconds=0.197
NLS noise=0.5 trial=20/100: TPR=0.25 E2=0.1609 lambda=0.007925 seconds=0.219
NLS noise=0.5 trial=40/100: TPR=0.2143 E2=0.1594 lambda=0.008697 seconds=0.218
NLS noise=0.5 trial=60/100: TPR=0.2222 E2=0.1465 lambda=0.005995 seconds=0.217
NLS noise=0.5 trial=80/100: TPR=0.2727 E2=0.1524 lambda=0.009545 seconds=0.389
NLS noise=0.75 trial=1/100: TPR=0.2727 E2=0.2926 lambda=0.01385 seconds=0.465
NLS noise=0.5 trial=100/100: TPR=0.25 E2=0.1553 lambda=0.007221 seconds=0.312
NLS noise=0.75 trial=20/100: TPR=0.25 E2=0.2678 lambda=0.01262 seconds=0.228
NLS noise=0.75 trial=40/100: TPR=0.2308 E2=0.2717 lambda=0.0115 seconds=0.24
NLS noise=0.75 trial=60/100: TPR=0.2222 E2=0.2738 lambda=0.01048 seconds=0.241
NLS noise=0.75 trial=80/100: TPR=0.24 E2=0.2934 lambda=0.01385 seconds=0.231
NLS noise=0.75 trial=100/100: TPR=0.24 E2=0.2761 lambda=0.0115 seconds=0.224
NLS noise=1 trial=1/100: TPR=0.2 E2=0.5044 lambda=0.0152 seconds=0.237
NLS noise=1 trial=20/100: TPR=0.2222 E2=0.4664 lambda=0.0152 seconds=0.24
NLS noise=1 trial=40/100: TPR=0.2308 E2=0.4625 lambda=0.01668 seconds=0.238
NLS noise=1 trial=60/100: TPR=0.2 E2=0.4432 lambda=0.01385 seconds=0.228
NLS noise=1 trial=80/100: TPR=0.25 E2=0.4431 lambda=0.01668 seconds=0.234
NLS noise=1 trial=100/100: TPR=0.2609 E2=0.4351 lambda=0.02009 seconds=0.275
KS noise=0 trial=1/100: TPR=0.2727 E2=0.00759 lambda=0.0001 seconds=0.0643
KS noise=0 trial=20/100: TPR=0.2727 E2=0.00759 lambda=0.0001 seconds=0.0497
KS noise=0 trial=40/100: TPR=0.2727 E2=0.00759 lambda=0.0001 seconds=0.0475
KS noise=0 trial=60/100: TPR=0.2727 E2=0.00759 lambda=0.0001 seconds=0.0739
KS noise=0 trial=80/100: TPR=0.2727 E2=0.00759 lambda=0.0001 seconds=0.0564
KS noise=0 trial=100/100: TPR=0.2727 E2=0.00759 lambda=0.0001 seconds=0.0447
KS noise=0.2 trial=1/100: TPR=0.3333 E2=0.3934 lambda=0.004977 seconds=0.0463
KS noise=0.2 trial=20/100: TPR=0.2857 E2=0.8204 lambda=0.0242 seconds=0.0475
KS noise=0.2 trial=40/100: TPR=0.2857 E2=0.8186 lambda=0.02656 seconds=0.0612
KS noise=0.2 trial=60/100: TPR=0.2857 E2=0.8194 lambda=0.0242 seconds=0.0536
KS noise=0.2 trial=80/100: TPR=0.3333 E2=0.324 lambda=0.004977 seconds=0.057
KS noise=0.5 trial=1/100: TPR=0.25 E2=0.8121 lambda=0.02915 seconds=0.0516
KS noise=0.2 trial=100/100: TPR=0.2857 E2=0.8218 lambda=0.02205 seconds=0.0535
KS noise=0.5 trial=20/100: TPR=0.2727 E2=0.3793 lambda=0.005462 seconds=0.0508
KS noise=0.5 trial=40/100: TPR=0.2 E2=0.816 lambda=0.0242 seconds=0.0562
KS noise=0.5 trial=60/100: TPR=0.2857 E2=0.8141 lambda=0.02656 seconds=0.0434
KS noise=0.5 trial=80/100: TPR=0.25 E2=0.8159 lambda=0.01831 seconds=0.0458
KS noise=0.75 trial=1/100: TPR=0.2857 E2=0.8149 lambda=0.03511 seconds=0.0497
KS noise=0.5 trial=100/100: TPR=0.2727 E2=0.2416 lambda=0.006579 seconds=0.0459
KS noise=0.75 trial=20/100: TPR=0.2857 E2=0.8089 lambda=0.02915 seconds=0.0435
KS noise=0.75 trial=40/100: TPR=0.2 E2=0.8162 lambda=0.0242 seconds=0.046
KS noise=0.75 trial=60/100: TPR=0.2857 E2=0.8123 lambda=0.03199 seconds=0.0481
KS noise=0.75 trial=80/100: TPR=0.2857 E2=0.814 lambda=0.0242 seconds=0.0537
KS noise=1 trial=1/100: TPR=0.4 E2=0.8298 lambda=0.07391 seconds=0.0448
KS noise=0.75 trial=100/100: TPR=0.25 E2=0.815 lambda=0.03511 seconds=0.0465
KS noise=1 trial=20/100: TPR=0.3333 E2=0.8207 lambda=0.05094 seconds=0.0476
KS noise=1 trial=40/100: TPR=0.2 E2=0.8226 lambda=0.03854 seconds=0.0482
KS noise=1 trial=60/100: TPR=0.3333 E2=0.8244 lambda=0.04229 seconds=0.0442
KS noise=1 trial=80/100: TPR=0.2857 E2=0.8403 lambda=0.05591 seconds=0.0436
KdV noise=0 trial=1/100: TPR=0.5 E2=0.01245 lambda=0.0001 seconds=0.114
KS noise=1 trial=100/100: TPR=0.3333 E2=0.8647 lambda=0.05591 seconds=0.048
KdV noise=0 trial=20/100: TPR=0.5 E2=0.01245 lambda=0.0001 seconds=0.129
KdV noise=0 trial=40/100: TPR=0.5 E2=0.01245 lambda=0.0001 seconds=0.112
KdV noise=0 trial=60/100: TPR=0.5 E2=0.01245 lambda=0.0001 seconds=0.107
KdV noise=0 trial=80/100: TPR=0.5 E2=0.01245 lambda=0.0001 seconds=0.105
KdV noise=0.2 trial=1/100: TPR=0.25 E2=0.8954 lambda=0.007925 seconds=0.121
KdV noise=0 trial=100/100: TPR=0.5 E2=0.01245 lambda=0.0001 seconds=0.115
KdV noise=0.2 trial=20/100: TPR=0.25 E2=0.8953 lambda=0.007221 seconds=0.114
KdV noise=0.2 trial=40/100: TPR=0.25 E2=0.8955 lambda=0.007221 seconds=0.112
KdV noise=0.2 trial=60/100: TPR=0.25 E2=0.8955 lambda=0.007925 seconds=0.11
KdV noise=0.2 trial=80/100: TPR=1 E2=0.007398 lambda=0.0004037 seconds=0.113
KdV noise=0.5 trial=1/100: TPR=0.25 E2=0.8955 lambda=0.007221 seconds=0.136
KdV noise=0.2 trial=100/100: TPR=0.25 E2=0.8955 lambda=0.007221 seconds=0.246
KdV noise=0.5 trial=20/100: TPR=0.25 E2=0.8954 lambda=0.007925 seconds=0.122
KdV noise=0.5 trial=40/100: TPR=0.25 E2=0.8954 lambda=0.007221 seconds=0.105
KdV noise=0.5 trial=60/100: TPR=0.25 E2=0.8957 lambda=0.007221 seconds=0.119
KdV noise=0.5 trial=80/100: TPR=0.25 E2=0.8953 lambda=0.007221 seconds=0.126
KdV noise=0.75 trial=1/100: TPR=0.25 E2=0.8955 lambda=0.007221 seconds=0.116
KdV noise=0.5 trial=100/100: TPR=0.25 E2=0.8956 lambda=0.007925 seconds=0.112
KdV noise=0.75 trial=20/100: TPR=0.25 E2=0.8957 lambda=0.007925 seconds=0.121
KdV noise=0.75 trial=40/100: TPR=0.25 E2=0.8962 lambda=0.007221 seconds=0.123
KdV noise=0.75 trial=60/100: TPR=0.25 E2=0.8959 lambda=0.007925 seconds=0.114
KdV noise=0.75 trial=80/100: TPR=0.25 E2=0.8957 lambda=0.007221 seconds=0.127
KdV noise=1 trial=1/100: TPR=0.25 E2=0.8954 lambda=0.007221 seconds=0.129
KdV noise=0.75 trial=100/100: TPR=0.25 E2=0.8958 lambda=0.006579 seconds=0.113
KdV noise=1 trial=20/100: TPR=0.25 E2=0.8952 lambda=0.007221 seconds=0.165
KdV noise=1 trial=40/100: TPR=0.25 E2=0.8959 lambda=0.007221 seconds=0.111
KdV noise=1 trial=60/100: TPR=0.25 E2=0.8954 lambda=0.006579 seconds=0.114
KdV noise=1 trial=80/100: TPR=0.3333 E2=0.8993 lambda=0.02915 seconds=0.115
IB noise=0 trial=1/100: TPR=1 E2=0.001832 lambda=0.001789 seconds=0.0346
KdV noise=1 trial=100/100: TPR=0.25 E2=0.8961 lambda=0.008697 seconds=0.111
IB noise=0 trial=20/100: TPR=1 E2=0.001832 lambda=0.001789 seconds=0.0332
IB noise=0 trial=40/100: TPR=1 E2=0.001832 lambda=0.001789 seconds=0.0342
IB noise=0 trial=60/100: TPR=1 E2=0.001832 lambda=0.001789 seconds=0.0337
IB noise=0 trial=80/100: TPR=1 E2=0.001832 lambda=0.001789 seconds=0.0324
IB noise=0.2 trial=1/100: TPR=0.5 E2=0.1527 lambda=0.002364 seconds=0.0375
IB noise=0 trial=100/100: TPR=1 E2=0.001832 lambda=0.001789 seconds=0.0326
IB noise=0.2 trial=20/100: TPR=0.5 E2=21.77 lambda=0.01385 seconds=0.0378
IB noise=0.2 trial=40/100: TPR=1 E2=0.04445 lambda=0.04642 seconds=0.039
IB noise=0.2 trial=60/100: TPR=1 E2=0.01742 lambda=0.02205 seconds=0.0397
IB noise=0.2 trial=80/100: TPR=0.5 E2=0.1609 lambda=0.003765 seconds=0.037
IB noise=0.5 trial=1/100: TPR=0.5 E2=0.946 lambda=0.01668 seconds=0.0379
IB noise=0.2 trial=100/100: TPR=0.5 E2=29.44 lambda=0.008697 seconds=0.0359
IB noise=0.5 trial=20/100: TPR=0.5 E2=246.7 lambda=0.03199 seconds=0.0397
IB noise=0.5 trial=40/100: TPR=1 E2=0.003204 lambda=0.01385 seconds=0.0389
IB noise=0.5 trial=60/100: TPR=0.5 E2=24.67 lambda=0.02915 seconds=0.0392
IB noise=0.5 trial=80/100: TPR=0.5 E2=201 lambda=0.03854 seconds=0.0378
IB noise=0.75 trial=1/100: TPR=0.5 E2=288.9 lambda=0.03511 seconds=0.0398
IB noise=0.5 trial=100/100: TPR=0.5 E2=69.68 lambda=0.03511 seconds=0.0375
IB noise=0.75 trial=20/100: TPR=0.5 E2=485.6 lambda=0.05094 seconds=0.0402
IB noise=0.75 trial=40/100: TPR=0.3333 E2=267.6 lambda=0.03511 seconds=0.0406
IB noise=0.75 trial=60/100: TPR=0.3333 E2=258.9 lambda=0.02656 seconds=0.0393
IB noise=0.75 trial=80/100: TPR=0.5 E2=482.6 lambda=0.05591 seconds=0.0382
IB noise=1 trial=1/100: TPR=0.5 E2=662.8 lambda=0.07391 seconds=0.0417
IB noise=0.75 trial=100/100: TPR=0.5 E2=102.4 lambda=0.07391 seconds=0.042
IB noise=1 trial=20/100: TPR=0.3333 E2=0.8225 lambda=0.01668 seconds=0.0402
IB noise=1 trial=40/100: TPR=0.5 E2=308.3 lambda=0.02205 seconds=0.0412
IB noise=1 trial=60/100: TPR=0 E2=924 lambda=0.0977 seconds=0.044
IB noise=1 trial=80/100: TPR=0.5 E2=344.9 lambda=0.08111 seconds=0.0431
IB noise=1 trial=100/100: TPR=0.3333 E2=256.6 lambda=0.03199 seconds=0.0376
Matplotlib is building the font cache; this may take a moment.
Saved 3000 trials, benchmark_results/lasso/original/raw/results.md, summaries, manifest, PNG/PDF plots, and benchmark_results/lasso/original/raw/results_trials
