RD noise=0 trial=1/100: TPR=0.35 E2=0.01342 lambda=0.0001 seconds=16.2
RD noise=0 trial=20/100: TPR=0.35 E2=0.01342 lambda=0.0001 seconds=14.9
RD noise=0 trial=40/100: TPR=0.35 E2=0.01342 lambda=0.0001 seconds=14.4
RD noise=0 trial=60/100: TPR=0.35 E2=0.01342 lambda=0.0001 seconds=16
RD noise=0 trial=80/100: TPR=0.35 E2=0.01342 lambda=0.0001 seconds=16.3
RD noise=0 trial=100/100: TPR=0.35 E2=0.01342 lambda=0.0001 seconds=16.8
RD noise=0.2 trial=1/100: TPR=0.2692 E2=0.3153 lambda=0.00343 seconds=16.1
RD noise=0.2 trial=20/100: TPR=0.3158 E2=0.8694 lambda=0.008697 seconds=18.5
RD noise=0.2 trial=40/100: TPR=0.359 E2=0.4832 lambda=0.004977 seconds=17.3
RD noise=0.2 trial=60/100: TPR=0.3415 E2=0.5474 lambda=0.005462 seconds=15.7
RD noise=0.2 trial=80/100: TPR=0.3111 E2=0.4501 lambda=0.004535 seconds=16.8
RD noise=0.2 trial=100/100: TPR=0.3111 E2=0.3355 lambda=0.00343 seconds=16.7
RD noise=0.5 trial=1/100: TPR=0.2703 E2=0.8909 lambda=0.01262 seconds=16.3
RD noise=0.5 trial=20/100: TPR=0.2703 E2=0.8882 lambda=0.01262 seconds=15.8
RD noise=0.5 trial=40/100: TPR=0.2973 E2=0.8724 lambda=0.0115 seconds=16.9
RD noise=0.5 trial=60/100: TPR=0.2703 E2=0.8689 lambda=0.01262 seconds=16.3
RD noise=0.5 trial=80/100: TPR=0.2941 E2=0.8833 lambda=0.01385 seconds=19.3
RD noise=0.5 trial=100/100: TPR=0.2857 E2=0.3976 lambda=0.005995 seconds=19.2
RD noise=0.75 trial=1/100: TPR=0.3182 E2=0.456 lambda=0.007925 seconds=19.3
RD noise=0.75 trial=20/100: TPR=0.2642 E2=0.3429 lambda=0.006579 seconds=44.8
/opt/homebrew/anaconda3/envs/pde_discovery/lib/python3.11/multiprocessing/resource_tracker.py:254: UserWarning: resource_tracker: There appear to be 5 leaked semaphore objects to clean up at shutdown
  warnings.warn('resource_tracker: There appear to be %d '
RD noise=0.75 trial=40/100: TPR=0.2857 E2=0.4566 lambda=0.007925 seconds=21.1
RD noise=0.75 trial=60/100: TPR=0.3182 E2=0.5303 lambda=0.008697 seconds=23
RD noise=0.75 trial=80/100: TPR=0.28 E2=0.3931 lambda=0.007221 seconds=17.9
RD noise=0.75 trial=100/100: TPR=0.2979 E2=0.4475 lambda=0.007221 seconds=17.9
RD noise=1 trial=1/100: TPR=0.28 E2=0.2797 lambda=0.007221 seconds=16.6
RD noise=1 trial=20/100: TPR=0.3256 E2=0.6102 lambda=0.01048 seconds=18.4
RD noise=1 trial=40/100: TPR=0.28 E2=0.2599 lambda=0.007221 seconds=17.5
RD noise=1 trial=60/100: TPR=0.2564 E2=0.8692 lambda=0.0152 seconds=17.2
RD noise=1 trial=80/100: TPR=0.2593 E2=0.1991 lambda=0.005995 seconds=16.3
RD noise=1 trial=100/100: TPR=0.2979 E2=0.3369 lambda=0.007925 seconds=15.6
NS noise=0 trial=1/100: TPR=0.5714 E2=0.04254 lambda=0.006579 seconds=4.58
NS noise=0 trial=20/100: TPR=0.5714 E2=0.04254 lambda=0.006579 seconds=4.91
NS noise=0 trial=40/100: TPR=0.5714 E2=0.04254 lambda=0.006579 seconds=5.25
NS noise=0 trial=60/100: TPR=0.5714 E2=0.04254 lambda=0.006579 seconds=4.6
NS noise=0 trial=80/100: TPR=0.5714 E2=0.04254 lambda=0.006579 seconds=4.97
NS noise=0 trial=100/100: TPR=0.5714 E2=0.04254 lambda=0.006579 seconds=4.57
NS noise=0.2 trial=1/100: TPR=0.5 E2=0.08315 lambda=0.02009 seconds=4.72
NS noise=0.2 trial=20/100: TPR=0.5 E2=0.08821 lambda=0.02205 seconds=4.84
NS noise=0.2 trial=40/100: TPR=0.5 E2=0.08867 lambda=0.02205 seconds=5.16
NS noise=0.2 trial=60/100: TPR=0.5 E2=0.08936 lambda=0.02205 seconds=4.77
NS noise=0.2 trial=80/100: TPR=0.5 E2=0.08942 lambda=0.02205 seconds=4.82
NS noise=0.2 trial=100/100: TPR=0.5 E2=0.09118 lambda=0.02205 seconds=5.26
NS noise=0.5 trial=1/100: TPR=0.375 E2=0.1296 lambda=0.01668 seconds=5.06
NS noise=0.5 trial=20/100: TPR=0.375 E2=0.1579 lambda=0.02205 seconds=5.18
NS noise=0.5 trial=40/100: TPR=0.375 E2=0.1254 lambda=0.01668 seconds=4.81
NS noise=0.5 trial=60/100: TPR=0.375 E2=0.1235 lambda=0.0152 seconds=5.35
NS noise=0.5 trial=80/100: TPR=0.375 E2=0.129 lambda=0.01668 seconds=4.66
NS noise=0.5 trial=100/100: TPR=0.375 E2=0.1347 lambda=0.01668 seconds=4.75
NS noise=0.75 trial=1/100: TPR=0.3333 E2=0.2798 lambda=0.04229 seconds=4.7
NS noise=0.75 trial=20/100: TPR=0.25 E2=0.2441 lambda=0.009545 seconds=5.48
NS noise=0.75 trial=40/100: TPR=0.3333 E2=0.286 lambda=0.04229 seconds=4.7
NS noise=0.75 trial=60/100: TPR=0.3333 E2=0.2858 lambda=0.04229 seconds=4.96
NS noise=0.75 trial=80/100: TPR=0.3333 E2=0.2727 lambda=0.04229 seconds=5.35
NS noise=0.75 trial=100/100: TPR=0.3333 E2=0.272 lambda=0.04229 seconds=6.15
NS noise=1 trial=1/100: TPR=0.2308 E2=0.3859 lambda=0.005995 seconds=6.02
NS noise=1 trial=20/100: TPR=0.2308 E2=0.3866 lambda=0.004535 seconds=5.67
NS noise=1 trial=40/100: TPR=0.2308 E2=0.3991 lambda=0.005462 seconds=8.11
NS noise=1 trial=60/100: TPR=0.2308 E2=0.4173 lambda=0.005462 seconds=5.03
NS noise=1 trial=80/100: TPR=0.2308 E2=0.4334 lambda=0.006579 seconds=5.16
NLS noise=0 trial=1/100: TPR=0.5 E2=0.0006189 lambda=0.0001 seconds=0.109
NS noise=1 trial=100/100: TPR=0.2308 E2=0.3879 lambda=0.004535 seconds=3.18
NLS noise=0 trial=20/100: TPR=0.5 E2=0.0006189 lambda=0.0001 seconds=0.114
NLS noise=0 trial=40/100: TPR=0.5 E2=0.0006189 lambda=0.0001 seconds=0.114
NLS noise=0 trial=60/100: TPR=0.5 E2=0.0006189 lambda=0.0001 seconds=0.101
NLS noise=0 trial=80/100: TPR=0.5 E2=0.0006189 lambda=0.0001 seconds=0.108
NLS noise=0 trial=100/100: TPR=0.5 E2=0.0006189 lambda=0.0001 seconds=0.109
NLS noise=0.2 trial=1/100: TPR=0.24 E2=0.1048 lambda=0.006579 seconds=0.13
NLS noise=0.2 trial=20/100: TPR=0.25 E2=0.1198 lambda=0.007925 seconds=0.117
NLS noise=0.2 trial=40/100: TPR=0.3 E2=0.1003 lambda=0.008697 seconds=0.118
NLS noise=0.2 trial=60/100: TPR=0.24 E2=0.1201 lambda=0.004535 seconds=0.114
NLS noise=0.2 trial=80/100: TPR=0.2727 E2=0.1073 lambda=0.009545 seconds=0.12
NLS noise=0.2 trial=100/100: TPR=0.3 E2=0.09834 lambda=0.008697 seconds=0.121
NLS noise=0.5 trial=1/100: TPR=0.1282 E2=1.043 lambda=0.01385 seconds=0.142
NLS noise=0.5 trial=20/100: TPR=0.1026 E2=1.048 lambda=0.01668 seconds=0.139
NLS noise=0.5 trial=40/100: TPR=0.1081 E2=0.9784 lambda=0.0152 seconds=0.139
NLS noise=0.5 trial=60/100: TPR=0.1351 E2=1.04 lambda=0.0152 seconds=0.128
NLS noise=0.5 trial=80/100: TPR=0.1081 E2=1.043 lambda=0.01385 seconds=0.136
NLS noise=0.5 trial=100/100: TPR=0.1053 E2=1.128 lambda=0.01262 seconds=0.142
NLS noise=0.75 trial=1/100: TPR=0.1765 E2=0.8951 lambda=0.01831 seconds=0.151
NLS noise=0.75 trial=20/100: TPR=0.09756 E2=1.133 lambda=0.0115 seconds=0.183
NLS noise=0.75 trial=40/100: TPR=0.06977 E2=1.214 lambda=0.009545 seconds=0.174
NLS noise=0.75 trial=60/100: TPR=0.1026 E2=1.111 lambda=0.0115 seconds=0.134
NLS noise=0.75 trial=80/100: TPR=0.1389 E2=0.9328 lambda=0.0152 seconds=0.138
NLS noise=0.75 trial=100/100: TPR=0.1053 E2=0.9488 lambda=0.01385 seconds=0.134
NLS noise=1 trial=1/100: TPR=0.09756 E2=1.053 lambda=0.01262 seconds=0.144
NLS noise=1 trial=20/100: TPR=0.1714 E2=0.8828 lambda=0.02009 seconds=0.14
NLS noise=1 trial=40/100: TPR=0.1 E2=1.091 lambda=0.009545 seconds=0.135
NLS noise=1 trial=60/100: TPR=0.1026 E2=1.083 lambda=0.01048 seconds=0.135
NLS noise=1 trial=80/100: TPR=0.1471 E2=1.064 lambda=0.0152 seconds=0.139
KS noise=0 trial=1/100: TPR=0.2727 E2=0.00759 lambda=0.0001 seconds=0.0239
NLS noise=1 trial=100/100: TPR=0.1282 E2=1.088 lambda=0.0115 seconds=0.139
KS noise=0 trial=20/100: TPR=0.2727 E2=0.00759 lambda=0.0001 seconds=0.025
KS noise=0 trial=40/100: TPR=0.2727 E2=0.00759 lambda=0.0001 seconds=0.026
KS noise=0 trial=60/100: TPR=0.2727 E2=0.00759 lambda=0.0001 seconds=0.0247
KS noise=0 trial=80/100: TPR=0.2727 E2=0.00759 lambda=0.0001 seconds=0.026
KS noise=0.2 trial=1/100: TPR=0.4 E2=0.9777 lambda=0.1707 seconds=0.0288
KS noise=0 trial=100/100: TPR=0.2727 E2=0.00759 lambda=0.0001 seconds=0.0243
KS noise=0.2 trial=20/100: TPR=0.4 E2=0.978 lambda=0.1707 seconds=0.0282
KS noise=0.2 trial=40/100: TPR=0.4 E2=0.9767 lambda=0.1556 seconds=0.0305
KS noise=0.2 trial=60/100: TPR=0.4 E2=0.9781 lambda=0.1707 seconds=0.0378
KS noise=0.2 trial=80/100: TPR=0.4 E2=0.9776 lambda=0.1707 seconds=0.0347
KS noise=0.5 trial=1/100: TPR=0.1667 E2=0.9888 lambda=0.1292 seconds=0.0302
KS noise=0.2 trial=100/100: TPR=0.4 E2=0.9764 lambda=0.1556 seconds=0.0299
KS noise=0.5 trial=20/100: TPR=0 E2=1 lambda=0.2257 seconds=0.0289
KS noise=0.5 trial=40/100: TPR=0 E2=1 lambda=0.2477 seconds=0.0287
KS noise=0.5 trial=60/100: TPR=0 E2=1 lambda=0.2257 seconds=0.0287
KS noise=0.5 trial=80/100: TPR=0 E2=1 lambda=0.2257 seconds=0.0281
KS noise=0.75 trial=1/100: TPR=0 E2=1 lambda=0.2477 seconds=0.0304
KS noise=0.5 trial=100/100: TPR=0 E2=1 lambda=0.2257 seconds=0.029
KS noise=0.75 trial=20/100: TPR=0.1667 E2=0.9877 lambda=0.1292 seconds=0.0294
KS noise=0.75 trial=40/100: TPR=0 E2=1 lambda=0.3275 seconds=0.0283
KS noise=0.75 trial=60/100: TPR=0 E2=1 lambda=0.1874 seconds=0.0288
KS noise=0.75 trial=80/100: TPR=0.2857 E2=0.9834 lambda=0.08111 seconds=0.0281
KS noise=1 trial=1/100: TPR=0 E2=1 lambda=0.2719 seconds=0.0301
KS noise=0.75 trial=100/100: TPR=0 E2=1 lambda=0.2477 seconds=0.029
KS noise=1 trial=20/100: TPR=0 E2=1 lambda=0.2477 seconds=0.0299
KS noise=1 trial=40/100: TPR=0 E2=1 lambda=0.2057 seconds=0.028
KS noise=1 trial=60/100: TPR=0 E2=1 lambda=0.2057 seconds=0.0283
KS noise=1 trial=80/100: TPR=0.1667 E2=0.9907 lambda=0.1417 seconds=0.0276
KS noise=1 trial=100/100: TPR=0 E2=1 lambda=0.2257 seconds=0.0283
KdV noise=0 trial=1/100: TPR=0.5 E2=0.01245 lambda=0.0001 seconds=0.0643
KdV noise=0 trial=20/100: TPR=0.5 E2=0.01245 lambda=0.0001 seconds=0.0654
KdV noise=0 trial=40/100: TPR=0.5 E2=0.01245 lambda=0.0001 seconds=0.0647
KdV noise=0 trial=60/100: TPR=0.5 E2=0.01245 lambda=0.0001 seconds=0.0592
KdV noise=0 trial=80/100: TPR=0.5 E2=0.01245 lambda=0.0001 seconds=0.0679
KdV noise=0 trial=100/100: TPR=0.5 E2=0.01245 lambda=0.0001 seconds=0.0656
KdV noise=0.2 trial=1/100: TPR=0.3333 E2=385.2 lambda=0.03199 seconds=0.0691
KdV noise=0.2 trial=20/100: TPR=0.3333 E2=384.1 lambda=0.03199 seconds=0.0675
KdV noise=0.2 trial=40/100: TPR=0.3333 E2=386 lambda=0.03199 seconds=0.0686
KdV noise=0.2 trial=60/100: TPR=0.3333 E2=384.5 lambda=0.03199 seconds=0.0667
KdV noise=0.2 trial=80/100: TPR=0.3333 E2=384.5 lambda=0.03199 seconds=0.0693
KdV noise=0.2 trial=100/100: TPR=0.3333 E2=386.8 lambda=0.03199 seconds=0.0675
KdV noise=0.5 trial=1/100: TPR=0.3333 E2=386.4 lambda=0.03199 seconds=0.0676
KdV noise=0.5 trial=20/100: TPR=0.3333 E2=382.5 lambda=0.03199 seconds=0.0678
KdV noise=0.5 trial=40/100: TPR=0.3333 E2=381.1 lambda=0.03199 seconds=0.0754
KdV noise=0.5 trial=60/100: TPR=0.3333 E2=382.5 lambda=0.03199 seconds=0.0711
KdV noise=0.5 trial=80/100: TPR=0.3333 E2=380 lambda=0.03199 seconds=0.0898
KdV noise=0.5 trial=100/100: TPR=0.3333 E2=378.8 lambda=0.03199 seconds=0.0781
KdV noise=0.75 trial=1/100: TPR=0.3333 E2=387.8 lambda=0.02915 seconds=0.0789
KdV noise=0.75 trial=20/100: TPR=0.3333 E2=378.8 lambda=0.03511 seconds=0.0683
KdV noise=0.75 trial=40/100: TPR=0.3333 E2=386.9 lambda=0.03199 seconds=0.0782
KdV noise=0.75 trial=60/100: TPR=0.3333 E2=385.5 lambda=0.03199 seconds=0.0715
KdV noise=0.75 trial=80/100: TPR=0.3333 E2=385 lambda=0.03199 seconds=0.0717
KdV noise=0.75 trial=100/100: TPR=0.3333 E2=387.3 lambda=0.03199 seconds=0.0624
KdV noise=1 trial=1/100: TPR=0.3333 E2=384.3 lambda=0.03199 seconds=0.0725
KdV noise=1 trial=20/100: TPR=0.3333 E2=373.4 lambda=0.03511 seconds=0.068
KdV noise=1 trial=40/100: TPR=0.3333 E2=384.3 lambda=0.03199 seconds=0.068
KdV noise=1 trial=60/100: TPR=0.3333 E2=382.5 lambda=0.03199 seconds=0.123
KdV noise=1 trial=80/100: TPR=0.3333 E2=387.5 lambda=0.03199 seconds=0.0804
KdV noise=1 trial=100/100: TPR=0.3333 E2=383.1 lambda=0.03199 seconds=0.0781
IB noise=0 trial=1/100: TPR=0.5 E2=870.7 lambda=0.0152 seconds=0.0276
IB noise=0 trial=20/100: TPR=0.5 E2=870.7 lambda=0.0152 seconds=0.0344
IB noise=0 trial=40/100: TPR=0.5 E2=870.7 lambda=0.0152 seconds=0.0255
IB noise=0 trial=60/100: TPR=0.5 E2=870.7 lambda=0.0152 seconds=0.0267
IB noise=0 trial=80/100: TPR=0.5 E2=870.7 lambda=0.0152 seconds=0.026
IB noise=0 trial=100/100: TPR=0.5 E2=870.7 lambda=0.0152 seconds=0.0255
IB noise=0.2 trial=1/100: TPR=0.5 E2=870.1 lambda=0.0115 seconds=0.0276
IB noise=0.2 trial=20/100: TPR=0.5 E2=880.8 lambda=0.01831 seconds=0.0248
IB noise=0.2 trial=40/100: TPR=0.5 E2=866.3 lambda=0.02009 seconds=0.0243
IB noise=0.2 trial=60/100: TPR=0.5 E2=867.8 lambda=0.01048 seconds=0.024
IB noise=0.2 trial=80/100: TPR=0.5 E2=874.1 lambda=0.01262 seconds=0.0239
IB noise=0.5 trial=1/100: TPR=0.5 E2=867.6 lambda=0.03511 seconds=0.0235
IB noise=0.2 trial=100/100: TPR=0.5 E2=865.5 lambda=0.01668 seconds=0.0237
IB noise=0.5 trial=20/100: TPR=0.5 E2=863 lambda=0.02915 seconds=0.0246
IB noise=0.5 trial=40/100: TPR=0.5 E2=876.7 lambda=0.01385 seconds=0.0235
IB noise=0.5 trial=60/100: TPR=0.5 E2=844.1 lambda=0.05094 seconds=0.0223
IB noise=0.5 trial=80/100: TPR=0.5 E2=828.6 lambda=0.05094 seconds=0.0236
IB noise=0.75 trial=1/100: TPR=0.5 E2=873.9 lambda=0.04642 seconds=0.0248
IB noise=0.5 trial=100/100: TPR=0.5 E2=817.4 lambda=0.02656 seconds=0.0239
IB noise=0.75 trial=20/100: TPR=0.3333 E2=927.4 lambda=0.007925 seconds=0.0302
IB noise=0.75 trial=40/100: TPR=0.5 E2=873 lambda=0.009545 seconds=0.0247
IB noise=0.75 trial=60/100: TPR=0.3333 E2=853.8 lambda=0.01262 seconds=0.0257
IB noise=0.75 trial=80/100: TPR=0.5 E2=872.1 lambda=0.0242 seconds=0.0241
IB noise=0.75 trial=100/100: TPR=0.5 E2=853.2 lambda=0.05591 seconds=0.0247
IB noise=1 trial=1/100: TPR=0.5 E2=806.4 lambda=0.03854 seconds=0.0237
IB noise=1 trial=20/100: TPR=0.5 E2=894.4 lambda=0.02205 seconds=0.025
IB noise=1 trial=40/100: TPR=0.5 E2=842.5 lambda=0.01831 seconds=0.0264
IB noise=1 trial=60/100: TPR=0.5 E2=873.6 lambda=0.05591 seconds=0.0458
IB noise=1 trial=80/100: TPR=0.5 E2=754.3 lambda=0.02915 seconds=0.0344
IB noise=1 trial=100/100: TPR=0.5 E2=796.7 lambda=0.03854 seconds=0.0279
Matplotlib is building the font cache; this may take a moment.
Saved 3000 trials, benchmark_results/lasso/original/filtered/results.md, summaries, manifest, PNG/PDF plots, and benchmark_results/lasso/original/filtered/results_trials
