KS noise=0 trial=20/100: TPR=1 E2=5.546e-07 lambda=0.0001 seconds=0.0178
KS noise=0.2 trial=20/100: TPR=0.09091 E2=5.717 lambda=0.1048 seconds=0.0402
NLS noise=0 trial=20/100: TPR=1 E2=5.605e-08 lambda=0.0001 seconds=0.0763
KS noise=0.5 trial=20/100: TPR=0.06667 E2=5.859 lambda=0.08685 seconds=0.0365
KS noise=1 trial=20/100: TPR=0.125 E2=1.409 lambda=0.2223 seconds=0.0368
KS noise=0 trial=40/100: TPR=1 E2=5.546e-07 lambda=0.0001 seconds=0.0181
KS noise=0 trial=60/100: TPR=1 E2=5.546e-07 lambda=0.0001 seconds=0.019
KS noise=0 trial=80/100: TPR=1 E2=5.546e-07 lambda=0.0001 seconds=0.0184
KS noise=0 trial=100/100: TPR=1 E2=5.546e-07 lambda=0.0001 seconds=0.0194
KS noise=0.2 trial=40/100: TPR=0.09091 E2=6.046 lambda=0.1048 seconds=0.039
KS noise=0.2 trial=60/100: TPR=0.06667 E2=7.515 lambda=0.1048 seconds=0.044
KS noise=0.2 trial=80/100: TPR=0.05882 E2=7.956 lambda=0.01931 seconds=0.0397
KS noise=0.2 trial=100/100: TPR=0.0625 E2=7.359 lambda=0.1265 seconds=0.0356
KS noise=0.5 trial=40/100: TPR=0.1111 E2=1.494 lambda=0.2223 seconds=0.033
KS noise=0.5 trial=60/100: TPR=0.1034 E2=5.68 lambda=0.04942 seconds=0.0351
KS noise=0.5 trial=80/100: TPR=0.04 E2=4.892 lambda=0.02812 seconds=0.0418
KS noise=0.5 trial=100/100: TPR=0.1111 E2=1.478 lambda=0.2223 seconds=0.0343
NLS noise=0.2 trial=20/100: TPR=0.75 E2=0.1674 lambda=0.04095 seconds=0.487
KS noise=0.75 trial=20/100: TPR=0.04762 E2=4.618 lambda=0.04095 seconds=0.0399
KS noise=0.75 trial=40/100: TPR=0.09091 E2=1.48 lambda=0.1842 seconds=0.0361
KS noise=0.75 trial=60/100: TPR=0.1 E2=1.41 lambda=0.1842 seconds=0.0459
KS noise=0.75 trial=80/100: TPR=0.09091 E2=2.353 lambda=0.1842 seconds=0.0343
KS noise=0.75 trial=100/100: TPR=0.1304 E2=6.141 lambda=0.05964 seconds=0.0373
KS noise=1 trial=40/100: TPR=0.1034 E2=6.402 lambda=0.08685 seconds=0.0312
KS noise=1 trial=60/100: TPR=0.06667 E2=6.104 lambda=0.1048 seconds=0.0353
KS noise=1 trial=80/100: TPR=0.04 E2=4.716 lambda=0.04942 seconds=0.0429
KS noise=1 trial=100/100: TPR=0.05263 E2=5.09 lambda=0.08685 seconds=0.0417
Completed KS
IB noise=0 trial=20/100: TPR=0.2 E2=2.89 lambda=0.003556 seconds=0.0218
IB noise=0.2 trial=20/100: TPR=0.25 E2=62.99 lambda=0.001677 seconds=0.0201
IB noise=0.5 trial=20/100: TPR=0.1667 E2=17.8 lambda=0.001389 seconds=0.0212
IB noise=1 trial=20/100: TPR=0.1429 E2=77.39 lambda=0.0007906 seconds=0.0212
IB noise=0 trial=40/100: TPR=0.2 E2=2.89 lambda=0.003556 seconds=0.0221
IB noise=0 trial=60/100: TPR=0.2 E2=2.89 lambda=0.003556 seconds=0.0216
IB noise=0 trial=80/100: TPR=0.2 E2=2.89 lambda=0.003556 seconds=0.0218
IB noise=0 trial=100/100: TPR=0.2 E2=2.89 lambda=0.003556 seconds=0.021
IB noise=0.2 trial=40/100: TPR=0.2 E2=33.84 lambda=0.003556 seconds=0.0209
IB noise=0.2 trial=60/100: TPR=0.1667 E2=24.87 lambda=0.001389 seconds=0.0216
IB noise=0.2 trial=80/100: TPR=0.1667 E2=20.29 lambda=0.001677 seconds=0.0219
IB noise=0.2 trial=100/100: TPR=0.1429 E2=55.38 lambda=0.001677 seconds=0.0206
Matplotlib is building the font cache; this may take a moment.
IB noise=0.5 trial=40/100: TPR=0.125 E2=50.06 lambda=0.001389 seconds=0.021
IB noise=0.5 trial=60/100: TPR=0.1667 E2=13.31 lambda=0.001151 seconds=0.0205
IB noise=0.5 trial=80/100: TPR=0.1667 E2=19.88 lambda=0.0004498 seconds=0.0209
IB noise=0.5 trial=100/100: TPR=0.25 E2=794.4 lambda=0.0009541 seconds=0.0203
IB noise=0.75 trial=20/100: TPR=0.25 E2=78.33 lambda=0.002442 seconds=0.0219
IB noise=0.75 trial=40/100: TPR=0.2 E2=38.92 lambda=0.0007906 seconds=0.021
IB noise=0.75 trial=60/100: TPR=0.1429 E2=7.599 lambda=0.0007906 seconds=0.0224
IB noise=0.75 trial=80/100: TPR=0.2 E2=827.3 lambda=0.0007906 seconds=0.0219
IB noise=0.75 trial=100/100: TPR=0.2 E2=889.8 lambda=0.001389 seconds=0.0222
IB noise=1 trial=40/100: TPR=0.25 E2=47.56 lambda=0.001677 seconds=0.0211
IB noise=1 trial=60/100: TPR=0.1429 E2=27.64 lambda=0.001389 seconds=0.021
IB noise=1 trial=80/100: TPR=0.1429 E2=5.419 lambda=0.001389 seconds=0.0204
NLS noise=0.5 trial=20/100: TPR=0.1 E2=5.357 lambda=0.02812 seconds=0.868
IB noise=1 trial=100/100: TPR=0.1667 E2=9.531 lambda=0.0005429 seconds=0.0195
Completed IB
KdV noise=0 trial=20/100: TPR=1 E2=2.843e-07 lambda=0.0001 seconds=0.0584
KdV noise=0.2 trial=20/100: TPR=0.5 E2=5.173 lambda=0.01931 seconds=0.0644
KdV noise=0.5 trial=20/100: TPR=0.3333 E2=6.792 lambda=0.01099 seconds=0.067
KdV noise=1 trial=20/100: TPR=0.5 E2=4.879 lambda=0.016 seconds=0.0649
KdV noise=0 trial=40/100: TPR=1 E2=2.843e-07 lambda=0.0001 seconds=0.0589
KdV noise=0 trial=60/100: TPR=1 E2=2.843e-07 lambda=0.0001 seconds=0.0646
KdV noise=0 trial=80/100: TPR=1 E2=2.843e-07 lambda=0.0001 seconds=0.0591
KdV noise=0 trial=100/100: TPR=1 E2=2.843e-07 lambda=0.0001 seconds=0.0713
KdV noise=0.2 trial=40/100: TPR=0.25 E2=5.323 lambda=0.002442 seconds=0.0669
KdV noise=0.2 trial=60/100: TPR=0.5 E2=5.217 lambda=0.01931 seconds=0.0666
KdV noise=0.2 trial=80/100: TPR=0.5 E2=5.229 lambda=0.01931 seconds=0.103
KdV noise=0.2 trial=100/100: TPR=0.25 E2=1.081 lambda=0.01931 seconds=0.0747
KdV noise=0.5 trial=40/100: TPR=0.5 E2=5.187 lambda=0.01931 seconds=0.0747
NLS noise=1 trial=20/100: TPR=0.09091 E2=4.866 lambda=0.08685 seconds=0.977
KdV noise=0.5 trial=60/100: TPR=0.5 E2=5.111 lambda=0.01931 seconds=0.0709
NLS noise=0 trial=40/100: TPR=1 E2=5.605e-08 lambda=0.0001 seconds=0.0884
KdV noise=0.5 trial=80/100: TPR=0.3333 E2=6.531 lambda=0.01099 seconds=0.0721
KdV noise=0.5 trial=100/100: TPR=0.5 E2=5.302 lambda=0.01931 seconds=0.0692
NLS noise=0 trial=60/100: TPR=1 E2=5.605e-08 lambda=0.0001 seconds=0.0831
KdV noise=0.75 trial=20/100: TPR=0.25 E2=9.443 lambda=0.002024 seconds=0.0734
NLS noise=0 trial=80/100: TPR=1 E2=5.605e-08 lambda=0.0001 seconds=0.0879
KdV noise=0.75 trial=40/100: TPR=0.3333 E2=6.91 lambda=0.01099 seconds=0.071
NLS noise=0 trial=100/100: TPR=1 E2=5.605e-08 lambda=0.0001 seconds=0.085
KdV noise=0.75 trial=60/100: TPR=0.5 E2=5.272 lambda=0.01931 seconds=0.0725
KdV noise=0.75 trial=80/100: TPR=0.5 E2=5.225 lambda=0.01931 seconds=0.0711
KdV noise=0.75 trial=100/100: TPR=0.25 E2=8.508 lambda=0.002024 seconds=0.0671
KdV noise=1 trial=40/100: TPR=0.2222 E2=5.668 lambda=0.002024 seconds=0.0747
KdV noise=1 trial=60/100: TPR=0.3333 E2=7.145 lambda=0.01099 seconds=0.0699
KdV noise=1 trial=80/100: TPR=0.5 E2=5.686 lambda=0.01931 seconds=0.0693
KdV noise=1 trial=100/100: TPR=0.2222 E2=6.8 lambda=0.002024 seconds=0.0769
Completed KdV
NLS noise=0.2 trial=40/100: TPR=0.75 E2=0.1578 lambda=0.04095 seconds=0.529
NLS noise=0.2 trial=60/100: TPR=0.75 E2=0.1449 lambda=0.04095 seconds=0.553
NLS noise=0.2 trial=80/100: TPR=0.6667 E2=0.1349 lambda=0.02812 seconds=0.558
NLS noise=0.2 trial=100/100: TPR=0.75 E2=0.1579 lambda=0.04095 seconds=0.552
NLS noise=0.5 trial=40/100: TPR=0.1463 E2=5.826 lambda=0.04095 seconds=1.03
NS noise=0 trial=20/100: TPR=1 E2=0.0007895 lambda=0.0007906 seconds=3.14
NLS noise=0.5 trial=60/100: TPR=0.08475 E2=8.499 lambda=0.0233 seconds=1.11
NLS noise=0.5 trial=80/100: TPR=0.09302 E2=3.057 lambda=0.04095 seconds=1.01
NLS noise=0.5 trial=100/100: TPR=0.1429 E2=5.129 lambda=0.07197 seconds=0.964
NS noise=0.2 trial=20/100: TPR=0.8 E2=0.0573 lambda=0.01099 seconds=3.3
RD noise=0 trial=20/100: TPR=1 E2=1.791e-10 lambda=0.0001 seconds=10.3
NLS noise=0.75 trial=20/100: TPR=0.08065 E2=8.641 lambda=0.0233 seconds=1
NLS noise=0.75 trial=40/100: TPR=0.1176 E2=4.37 lambda=0.02812 seconds=0.988
NLS noise=0.75 trial=60/100: TPR=0.1282 E2=2.605 lambda=0.04942 seconds=0.999
NLS noise=0.75 trial=80/100: TPR=0.1875 E2=2.272 lambda=0.05964 seconds=1.22
NS noise=0.5 trial=20/100: TPR=0.3333 E2=0.2234 lambda=0.08685 seconds=3.35
NLS noise=0.75 trial=100/100: TPR=0.1481 E2=2.569 lambda=0.1048 seconds=1.01
NLS noise=1 trial=40/100: TPR=0.07843 E2=8.871 lambda=0.04095 seconds=1.08
NLS noise=1 trial=60/100: TPR=0.1132 E2=6.361 lambda=0.0233 seconds=1.05
NS noise=1 trial=20/100: TPR=0.25 E2=0.3636 lambda=0.05964 seconds=3.59
NLS noise=1 trial=80/100: TPR=0.1111 E2=3.74 lambda=0.02812 seconds=1.12
NLS noise=1 trial=100/100: TPR=0.1111 E2=4.962 lambda=0.03393 seconds=1.14
Completed NLS
NS noise=0 trial=40/100: TPR=1 E2=0.0007895 lambda=0.0007906 seconds=3.65
SG noise=0 trial=20/100: TPR=1 E2=2.746e-05 lambda=0.0001 seconds=3.81
RD noise=0.2 trial=20/100: TPR=1 E2=0.009211 lambda=0.0233 seconds=15.1
NS noise=0 trial=60/100: TPR=1 E2=0.0007895 lambda=0.0007906 seconds=4.06
SG noise=0.2 trial=20/100: TPR=1 E2=0.013 lambda=0.005179 seconds=4.14
NS noise=0 trial=80/100: TPR=1 E2=0.0007895 lambda=0.0007906 seconds=3.68
SG noise=0.5 trial=20/100: TPR=1 E2=0.02811 lambda=0.007543 seconds=5.44
NS noise=0 trial=100/100: TPR=1 E2=0.0007895 lambda=0.0007906 seconds=3.86
SG noise=1 trial=20/100: TPR=1 E2=0.07204 lambda=0.01326 seconds=4.91
NS noise=0.2 trial=40/100: TPR=0.3333 E2=0.0955 lambda=0.02812 seconds=4.11
RD noise=0.5 trial=20/100: TPR=1 E2=0.02761 lambda=0.08685 seconds=15.9
SG noise=0 trial=40/100: TPR=1 E2=2.746e-05 lambda=0.0001 seconds=4.37
NS noise=0.2 trial=60/100: TPR=0.8 E2=0.05574 lambda=0.01099 seconds=4.17
SG noise=0 trial=60/100: TPR=1 E2=2.746e-05 lambda=0.0001 seconds=4.23
NS noise=0.2 trial=80/100: TPR=0.3333 E2=0.09499 lambda=0.01931 seconds=4.34
SG noise=0 trial=80/100: TPR=1 E2=2.746e-05 lambda=0.0001 seconds=3.92
NS noise=0.2 trial=100/100: TPR=0.3333 E2=0.09334 lambda=0.02812 seconds=4.06
SG noise=0 trial=100/100: TPR=1 E2=2.746e-05 lambda=0.0001 seconds=3.92
NS noise=0.5 trial=40/100: TPR=0.3333 E2=0.1747 lambda=0.07197 seconds=3.98
RD noise=1 trial=20/100: TPR=0.4828 E2=0.9188 lambda=0.02812 seconds=15.6
SG noise=0.2 trial=40/100: TPR=1 E2=0.0115 lambda=0.003556 seconds=4.39
NS noise=0.5 trial=60/100: TPR=0.3333 E2=0.1872 lambda=0.08685 seconds=4.01
SG noise=0.2 trial=60/100: TPR=1 E2=0.01422 lambda=0.005179 seconds=5.06
NS noise=0.5 trial=80/100: TPR=0.3333 E2=0.1817 lambda=0.08685 seconds=3.9
SG noise=0.2 trial=80/100: TPR=1 E2=0.01056 lambda=0.003556 seconds=4.1
NS noise=0.5 trial=100/100: TPR=0.2857 E2=0.3232 lambda=0.03393 seconds=3.83
RD noise=0 trial=40/100: TPR=1 E2=1.791e-10 lambda=0.0001 seconds=11.7
SG noise=0.2 trial=100/100: TPR=1 E2=0.009834 lambda=0.003556 seconds=4.07
NS noise=0.75 trial=20/100: TPR=0.5 E2=0.08805 lambda=0.1842 seconds=3.79
SG noise=0.5 trial=40/100: TPR=1 E2=0.03089 lambda=0.007543 seconds=4.33
NS noise=0.75 trial=40/100: TPR=0.2222 E2=0.5396 lambda=0.04095 seconds=3.8
NS noise=0.75 trial=60/100: TPR=0.3333 E2=0.136 lambda=0.07197 seconds=3.79
SG noise=0.5 trial=60/100: TPR=1 E2=0.03516 lambda=0.007543 seconds=4.38
RD noise=0 trial=60/100: TPR=1 E2=1.791e-10 lambda=0.0001 seconds=11.8
NS noise=0.75 trial=80/100: TPR=0.25 E2=0.6303 lambda=0.05964 seconds=3.79
SG noise=0.5 trial=80/100: TPR=1 E2=0.03548 lambda=0.007543 seconds=4.37
NS noise=0.75 trial=100/100: TPR=0.2857 E2=0.4733 lambda=0.05964 seconds=3.8
SG noise=0.5 trial=100/100: TPR=1 E2=0.03393 lambda=0.007543 seconds=4.32
NS noise=1 trial=40/100: TPR=0.3333 E2=0.348 lambda=0.07197 seconds=3.84
RD noise=0 trial=80/100: TPR=1 E2=1.791e-10 lambda=0.0001 seconds=11.9
SG noise=0.75 trial=20/100: TPR=1 E2=0.05818 lambda=0.009103 seconds=4.54
NS noise=1 trial=60/100: TPR=0.3333 E2=0.3537 lambda=0.08685 seconds=3.79
SG noise=0.75 trial=40/100: TPR=1 E2=0.06018 lambda=0.0233 seconds=4.42
NS noise=1 trial=80/100: TPR=0.3333 E2=0.369 lambda=0.07197 seconds=3.81
SG noise=0.75 trial=60/100: TPR=1 E2=0.05496 lambda=0.01099 seconds=4.5
NS noise=1 trial=100/100: TPR=0.4 E2=0.1274 lambda=0.08685 seconds=3.81
Completed NS
RD noise=0 trial=100/100: TPR=1 E2=1.791e-10 lambda=0.0001 seconds=9.81
SG noise=0.75 trial=80/100: TPR=1 E2=0.05807 lambda=0.016 seconds=3.63
SG noise=0.75 trial=100/100: TPR=1 E2=0.05278 lambda=0.01099 seconds=3.59
SG noise=1 trial=40/100: TPR=0.4 E2=0.6958 lambda=0.009103 seconds=3.8
RD noise=0.2 trial=40/100: TPR=1 E2=0.006586 lambda=0.01931 seconds=11.6
SG noise=1 trial=60/100: TPR=1 E2=0.07854 lambda=0.01931 seconds=3.55
SG noise=1 trial=80/100: TPR=1 E2=0.07682 lambda=0.0233 seconds=3.53
SG noise=1 trial=100/100: TPR=1 E2=0.07671 lambda=0.01326 seconds=3.61
Completed SG
RD noise=0.2 trial=60/100: TPR=1 E2=0.008397 lambda=0.01931 seconds=10.1
RD noise=0.2 trial=80/100: TPR=1 E2=0.006464 lambda=0.03393 seconds=10.2
RD noise=0.2 trial=100/100: TPR=1 E2=0.007677 lambda=0.01931 seconds=9.99
RD noise=0.5 trial=40/100: TPR=0.8235 E2=0.1997 lambda=0.02812 seconds=10.3
RD noise=0.5 trial=60/100: TPR=0.8235 E2=0.192 lambda=0.05964 seconds=10.3
RD noise=0.5 trial=80/100: TPR=0.875 E2=0.1718 lambda=0.04942 seconds=10.1
RD noise=0.5 trial=100/100: TPR=1 E2=0.02897 lambda=0.08685 seconds=10.2
RD noise=0.75 trial=20/100: TPR=0.7 E2=0.506 lambda=0.02812 seconds=10.4
RD noise=0.75 trial=40/100: TPR=0.7368 E2=0.4256 lambda=0.02812 seconds=10.8
RD noise=0.75 trial=60/100: TPR=0.7368 E2=0.4274 lambda=0.03393 seconds=10.5
RD noise=0.75 trial=80/100: TPR=0.875 E2=0.3021 lambda=0.07197 seconds=10.3
RD noise=0.75 trial=100/100: TPR=0.7778 E2=0.3813 lambda=0.03393 seconds=10.6
RD noise=1 trial=40/100: TPR=0.6667 E2=0.7396 lambda=0.04095 seconds=10.5
RD noise=1 trial=60/100: TPR=0.6364 E2=0.7485 lambda=0.04095 seconds=10.7
RD noise=1 trial=80/100: TPR=0.7368 E2=0.5764 lambda=0.04942 seconds=10.9
RD noise=1 trial=100/100: TPR=0.4375 E2=0.7186 lambda=0.02812 seconds=10.9
Completed RD
Saved 3500 trials, benchmark_results/filtered/results.md, summaries, manifest, PNG/PDF plots, and benchmark_results/filtered/results_trials
