HKS noise=0 trial=1/100: TPR=0.375 E2=0.7561 lambda=0.007221 seconds=0.443
HKS noise=0 trial=20/100: TPR=0.375 E2=0.7561 lambda=0.007221 seconds=0.0449
HKS noise=0 trial=40/100: TPR=0.375 E2=0.7561 lambda=0.007221 seconds=0.0346
HKS noise=0 trial=60/100: TPR=0.375 E2=0.7561 lambda=0.007221 seconds=0.0386
HKS noise=0 trial=80/100: TPR=0.375 E2=0.7561 lambda=0.007221 seconds=0.0521
HKS noise=0 trial=100/100: TPR=0.375 E2=0.7561 lambda=0.007221 seconds=0.0523
HKS noise=0.2 trial=1/100: TPR=0 E2=1 lambda=0.1072 seconds=0.0614
HKS noise=0.2 trial=20/100: TPR=0 E2=1 lambda=0.1072 seconds=0.0545
HKS noise=0.2 trial=40/100: TPR=0 E2=1 lambda=0.1072 seconds=0.0576
HKS noise=0.2 trial=60/100: TPR=0 E2=1 lambda=0.1072 seconds=0.0527
HKS noise=0.2 trial=80/100: TPR=0 E2=1 lambda=0.0977 seconds=0.0659
HKS noise=0.5 trial=1/100: TPR=0.1429 E2=0.9506 lambda=0.08111 seconds=0.0741
HKS noise=0.2 trial=100/100: TPR=0 E2=1 lambda=0.1072 seconds=0.0631
HKS noise=0.5 trial=20/100: TPR=0.1429 E2=0.9582 lambda=0.08902 seconds=0.0639
HKS noise=0.5 trial=40/100: TPR=0.1429 E2=0.9523 lambda=0.08902 seconds=0.065
HKS noise=0.5 trial=60/100: TPR=0.1667 E2=0.9523 lambda=0.08111 seconds=0.0593
HKS noise=0.5 trial=80/100: TPR=0.1667 E2=0.958 lambda=0.0977 seconds=0.0604
HKS noise=0.75 trial=1/100: TPR=0 E2=1.004 lambda=0.0977 seconds=0.061
HKS noise=0.5 trial=100/100: TPR=0.1429 E2=0.9433 lambda=0.06734 seconds=0.0472
HKS noise=0.75 trial=20/100: TPR=0 E2=1 lambda=0.1556 seconds=0.0647
HKS noise=0.75 trial=40/100: TPR=0.1429 E2=0.9708 lambda=0.08111 seconds=0.0565
HKS noise=0.75 trial=60/100: TPR=0.1667 E2=0.9406 lambda=0.06734 seconds=0.0547
HKS noise=0.75 trial=80/100: TPR=0.1667 E2=0.9585 lambda=0.08902 seconds=0.0605
HKS noise=0.75 trial=100/100: TPR=0.1667 E2=0.9405 lambda=0.06734 seconds=0.0564
HKS noise=1 trial=1/100: TPR=0.1667 E2=0.9634 lambda=0.1072 seconds=0.0722
HKS noise=1 trial=20/100: TPR=0 E2=1.004 lambda=0.1072 seconds=0.0572
HKS noise=1 trial=40/100: TPR=0.1667 E2=0.9565 lambda=0.0977 seconds=0.0808
HKS noise=1 trial=60/100: TPR=0.1667 E2=0.9468 lambda=0.07391 seconds=0.0619
HKS noise=1 trial=80/100: TPR=0 E2=1.029 lambda=0.05591 seconds=0.0607
HKS noise=1 trial=100/100: TPR=0.1667 E2=0.962 lambda=0.1072 seconds=0.0632
VBG noise=0 trial=1/100: TPR=0.2222 E2=0.9369 lambda=0.007221 seconds=0.106
VBG noise=0 trial=20/100: TPR=0.2222 E2=0.9369 lambda=0.007221 seconds=0.0966
VBG noise=0 trial=40/100: TPR=0.2222 E2=0.9369 lambda=0.007221 seconds=0.124
VBG noise=0 trial=60/100: TPR=0.2222 E2=0.9369 lambda=0.007221 seconds=0.0945
VBG noise=0 trial=80/100: TPR=0.2222 E2=0.9369 lambda=0.007221 seconds=0.113
VBG noise=0 trial=100/100: TPR=0.2222 E2=0.9369 lambda=0.007221 seconds=0.119
VBG noise=0.2 trial=1/100: TPR=0.3 E2=0.9359 lambda=0.009545 seconds=0.0901
VBG noise=0.2 trial=20/100: TPR=0.3333 E2=0.918 lambda=0.0242 seconds=0.125
VBG noise=0.2 trial=40/100: TPR=0.3333 E2=0.9293 lambda=0.0152 seconds=0.118
VBG noise=0.2 trial=60/100: TPR=0.3333 E2=0.9256 lambda=0.01668 seconds=0.104
VBG noise=0.2 trial=80/100: TPR=0.3333 E2=0.9266 lambda=0.01668 seconds=0.121
VBG noise=0.2 trial=100/100: TPR=0.3333 E2=0.9271 lambda=0.01668 seconds=0.12
VBG noise=0.5 trial=1/100: TPR=0.3 E2=0.9278 lambda=0.0242 seconds=0.128
VBG noise=0.5 trial=20/100: TPR=0.3333 E2=0.926 lambda=0.0242 seconds=0.105
VBG noise=0.5 trial=40/100: TPR=0.3 E2=0.9259 lambda=0.02656 seconds=0.108
VBG noise=0.5 trial=60/100: TPR=0.3 E2=0.9333 lambda=0.0152 seconds=0.179
VBG noise=0.5 trial=80/100: TPR=0.3333 E2=0.9272 lambda=0.0242 seconds=0.123
VBG noise=0.5 trial=100/100: TPR=0.3 E2=0.9374 lambda=0.01262 seconds=0.109
VBG noise=0.75 trial=1/100: TPR=0.3333 E2=0.9241 lambda=0.03199 seconds=0.117
VBG noise=0.75 trial=20/100: TPR=0.3333 E2=0.9238 lambda=0.03199 seconds=0.1
VBG noise=0.75 trial=40/100: TPR=0.3333 E2=0.924 lambda=0.03199 seconds=0.118
VBG noise=0.75 trial=60/100: TPR=0.3333 E2=0.9231 lambda=0.03199 seconds=0.142
VBG noise=0.75 trial=80/100: TPR=0.3333 E2=0.9238 lambda=0.03199 seconds=0.123
VBG noise=0.75 trial=100/100: TPR=0.3333 E2=0.9235 lambda=0.03511 seconds=0.132
VBG noise=1 trial=1/100: TPR=0.3333 E2=0.928 lambda=0.03199 seconds=0.122
VBG noise=1 trial=20/100: TPR=0.3333 E2=0.9267 lambda=0.03511 seconds=0.13
VBG noise=1 trial=40/100: TPR=0.3333 E2=0.9264 lambda=0.03511 seconds=0.131
VBG noise=1 trial=60/100: TPR=0.3333 E2=0.9241 lambda=0.03511 seconds=0.123
VBG noise=1 trial=80/100: TPR=0.3333 E2=0.9309 lambda=0.03199 seconds=0.112
VBG noise=1 trial=100/100: TPR=0.3333 E2=0.9204 lambda=0.04229 seconds=0.0975
Matplotlib is building the font cache; this may take a moment.
Saved 1000 trials, benchmark_results/lasso/consistency/filtered/results.md, summaries, manifest, PNG/PDF plots, and benchmark_results/lasso/consistency/filtered/results_trials
Saved 1000 trials, benchmark_results/lasso/consistency/filtered/results.md, summaries, manifest, PNG/PDF plots, and benchmark_results/lasso/consistency/filtered/results_trials
