Completed KS
Matplotlib is building the font cache; this may take a moment.
Completed IB
Completed NLS
Completed KdV
NS noise=1 trial=60/100: TPR=0.5 E2=0.04359 lambda=0.08685 seconds=3.01
SG noise=0.75 trial=60/100: TPR=1 E2=0.2991 lambda=0.007543 seconds=3.82
NS noise=1 trial=80/100: TPR=0.5 E2=0.04606 lambda=0.07197 seconds=3
SG noise=0.75 trial=80/100: TPR=1 E2=0.2976 lambda=0.007543 seconds=3.87
RD noise=0.5 trial=60/100: TPR=0.875 E2=0.09442 lambda=0.05964 seconds=12.9
NS noise=1 trial=100/100: TPR=0.5 E2=0.04719 lambda=0.07197 seconds=3.07
Completed NS
SG noise=0.75 trial=100/100: TPR=1 E2=0.306 lambda=0.007543 seconds=3.38
SG noise=1 trial=60/100: TPR=1 E2=0.6185 lambda=0.007543 seconds=3.4
SG noise=1 trial=80/100: TPR=1 E2=0.6162 lambda=0.007543 seconds=3.32
SG noise=1 trial=100/100: TPR=0.75 E2=0.5881 lambda=0.002947 seconds=3.48
Completed SG
RD noise=0.5 trial=80/100: TPR=0.875 E2=0.09186 lambda=0.05964 seconds=11
RD noise=0.5 trial=100/100: TPR=0.875 E2=0.09126 lambda=0.07197 seconds=10.3
RD noise=0.75 trial=60/100: TPR=0.7368 E2=0.2329 lambda=0.03393 seconds=10.4
RD noise=0.75 trial=80/100: TPR=0.7778 E2=0.2939 lambda=0.07197 seconds=10.4
RD noise=0.75 trial=100/100: TPR=0.7778 E2=0.2878 lambda=0.05964 seconds=10.4
RD noise=1 trial=60/100: TPR=0.6364 E2=0.5211 lambda=0.07197 seconds=10.4
RD noise=1 trial=80/100: TPR=0.7 E2=0.393 lambda=0.07197 seconds=10.5
RD noise=1 trial=100/100: TPR=0.7778 E2=0.3816 lambda=0.07197 seconds=10.3
Completed RD
Saved 3500 trials, benchmark_results/authors/results.md, summaries, manifest, PNG/PDF plots, and benchmark_results/authors/results_trials
