HKS noise=0 trial=1/100: TPR=0.375 E2=0.7561 lambda=0.007221 seconds=0.393
HKS noise=0 trial=20/100: TPR=0.375 E2=0.7561 lambda=0.007221 seconds=0.0391
HKS noise=0 trial=40/100: TPR=0.375 E2=0.7561 lambda=0.007221 seconds=0.0462
HKS noise=0 trial=60/100: TPR=0.375 E2=0.7561 lambda=0.007221 seconds=0.0455
HKS noise=0 trial=80/100: TPR=0.375 E2=0.7561 lambda=0.007221 seconds=0.0565
HKS noise=0.2 trial=1/100: TPR=0.4 E2=0.878 lambda=0.05094 seconds=0.0953
HKS noise=0 trial=100/100: TPR=0.375 E2=0.7561 lambda=0.007221 seconds=0.0484
HKS noise=0.2 trial=20/100: TPR=0.3333 E2=0.884 lambda=0.03199 seconds=0.0677
HKS noise=0.2 trial=40/100: TPR=0.4 E2=0.8756 lambda=0.04229 seconds=0.0492
HKS noise=0.2 trial=60/100: TPR=0.4 E2=0.8808 lambda=0.03854 seconds=0.049
HKS noise=0.2 trial=80/100: TPR=0.4 E2=0.8816 lambda=0.04229 seconds=0.0449
HKS noise=0.2 trial=100/100: TPR=0.4 E2=0.881 lambda=0.04229 seconds=0.0457
HKS noise=0.5 trial=1/100: TPR=0.2857 E2=0.8632 lambda=0.04229 seconds=0.0442
HKS noise=0.5 trial=20/100: TPR=0.2222 E2=0.8778 lambda=0.02915 seconds=0.0466
HKS noise=0.5 trial=40/100: TPR=0.4 E2=0.8766 lambda=0.05094 seconds=0.052
HKS noise=0.5 trial=60/100: TPR=0.4 E2=0.8757 lambda=0.06136 seconds=0.0535
HKS noise=0.5 trial=80/100: TPR=0.2857 E2=0.9133 lambda=0.0242 seconds=0.0564
HKS noise=0.5 trial=100/100: TPR=0.3333 E2=0.8979 lambda=0.04642 seconds=0.0551
HKS noise=0.75 trial=1/100: TPR=0.3333 E2=0.8552 lambda=0.06136 seconds=0.067
HKS noise=0.75 trial=20/100: TPR=0.3333 E2=0.8736 lambda=0.04642 seconds=0.0679
HKS noise=0.75 trial=40/100: TPR=0.3333 E2=0.9033 lambda=0.05591 seconds=0.0595
HKS noise=0.75 trial=60/100: TPR=0.4 E2=0.9057 lambda=0.07391 seconds=0.0553
HKS noise=0.75 trial=80/100: TPR=0.4 E2=0.8404 lambda=0.07391 seconds=0.0545
HKS noise=0.75 trial=100/100: TPR=0.3333 E2=0.864 lambda=0.07391 seconds=0.0621
HKS noise=1 trial=1/100: TPR=0.4 E2=0.791 lambda=0.0977 seconds=0.0648
HKS noise=1 trial=20/100: TPR=0.2857 E2=0.8584 lambda=0.04642 seconds=0.0514
HKS noise=1 trial=40/100: TPR=0.4 E2=0.8698 lambda=0.06734 seconds=0.0625
HKS noise=1 trial=60/100: TPR=0.3333 E2=0.7867 lambda=0.05591 seconds=0.0608
HKS noise=1 trial=80/100: TPR=0.4 E2=0.7832 lambda=0.07391 seconds=0.0632
HKS noise=1 trial=100/100: TPR=0.3333 E2=0.8589 lambda=0.06734 seconds=0.0417
VBG noise=0 trial=1/100: TPR=0.2222 E2=0.9369 lambda=0.007221 seconds=0.0871
VBG noise=0 trial=20/100: TPR=0.2222 E2=0.9369 lambda=0.007221 seconds=0.101
VBG noise=0 trial=40/100: TPR=0.2222 E2=0.9369 lambda=0.007221 seconds=0.0991
VBG noise=0 trial=60/100: TPR=0.2222 E2=0.9369 lambda=0.007221 seconds=0.0971
VBG noise=0 trial=80/100: TPR=0.2222 E2=0.9369 lambda=0.007221 seconds=0.109
VBG noise=0 trial=100/100: TPR=0.2222 E2=0.9369 lambda=0.007221 seconds=0.0964
VBG noise=0.2 trial=1/100: TPR=0.2222 E2=0.9359 lambda=0.009545 seconds=0.113
VBG noise=0.2 trial=20/100: TPR=0.2222 E2=0.9318 lambda=0.0115 seconds=0.114
VBG noise=0.2 trial=40/100: TPR=0.2222 E2=0.938 lambda=0.008697 seconds=0.0844
VBG noise=0.2 trial=60/100: TPR=0.2222 E2=0.9341 lambda=0.009545 seconds=0.109
VBG noise=0.2 trial=80/100: TPR=0.2222 E2=0.9357 lambda=0.009545 seconds=0.111
VBG noise=0.2 trial=100/100: TPR=0.2222 E2=0.9386 lambda=0.007925 seconds=0.0977
VBG noise=0.5 trial=1/100: TPR=0.2222 E2=0.9309 lambda=0.01831 seconds=0.113
VBG noise=0.5 trial=20/100: TPR=0.2 E2=0.9225 lambda=0.02205 seconds=0.12
VBG noise=0.5 trial=40/100: TPR=0.2 E2=0.9539 lambda=0.006579 seconds=0.117
VBG noise=0.5 trial=60/100: TPR=0.2222 E2=0.921 lambda=0.0242 seconds=0.1
VBG noise=0.5 trial=80/100: TPR=0.2222 E2=0.9244 lambda=0.02205 seconds=0.12
VBG noise=0.5 trial=100/100: TPR=0.2 E2=0.9404 lambda=0.01262 seconds=0.099
VBG noise=0.75 trial=1/100: TPR=0.2222 E2=0.9274 lambda=0.02915 seconds=0.0956
VBG noise=0.75 trial=20/100: TPR=0.2 E2=0.9229 lambda=0.02656 seconds=0.111
VBG noise=0.75 trial=40/100: TPR=0.2222 E2=0.9157 lambda=0.03511 seconds=0.117
VBG noise=0.75 trial=60/100: TPR=0.2222 E2=0.9343 lambda=0.02009 seconds=0.108
VBG noise=0.75 trial=80/100: TPR=0.2 E2=0.9402 lambda=0.01668 seconds=0.105
VBG noise=1 trial=1/100: TPR=0.2857 E2=0.9023 lambda=0.06136 seconds=0.146
VBG noise=0.75 trial=100/100: TPR=0.2 E2=0.9455 lambda=0.0152 seconds=0.131
VBG noise=1 trial=20/100: TPR=0.25 E2=0.9017 lambda=0.05094 seconds=0.0961
VBG noise=1 trial=40/100: TPR=0.2 E2=0.9594 lambda=0.01668 seconds=0.12
VBG noise=1 trial=60/100: TPR=0.2 E2=0.9299 lambda=0.02915 seconds=0.116
VBG noise=1 trial=80/100: TPR=0.1818 E2=0.9769 lambda=0.005995 seconds=0.109
VBG noise=1 trial=100/100: TPR=0.2 E2=0.9443 lambda=0.01668 seconds=0.119
Matplotlib is building the font cache; this may take a moment.
Saved 1000 trials, benchmark_results/lasso/consistency/raw/results.md, summaries, manifest, PNG/PDF plots, and benchmark_results/lasso/consistency/raw/results_trials
Saved 1000 trials, benchmark_results/lasso/consistency/raw/results.md, summaries, manifest, PNG/PDF plots, and benchmark_results/lasso/consistency/raw/results_trials
